// Jest Snapshot v1, https://goo.gl/fbAQLP

exports[`should render App correctly 1`] = `
<StrictMode>
  <div>
    <Header
      greeting="Hello from"
      logo="logo.svg"
      navItems={
        Array [
          Object {
            "component": [Function],
            "isInHeader": true,
            "title": "Posts",
            "url": "/posts",
          },
          Object {
            "component": [Function],
            "isInHeader": false,
            "title": "Post",
            "url": "/post/:id",
          },
        ]
      }
      title="REACT"
    />
    <div
      className="container"
    >
      <Routes
        greeting="Hello from"
        routes={
          Array [
            Object {
              "component": [Function],
              "isInHeader": true,
              "title": "Posts",
              "url": "/posts",
            },
            Object {
              "component": [Function],
              "isInHeader": false,
              "title": "Post",
              "url": "/post/:id",
            },
          ]
        }
      />
    </div>
  </div>
</StrictMode>
`;
